# Maya Node VUI log
# Created: 2026-05-10
# Server will append connection/received/forward/reply/error lines here.
[2026-05-10T14:57:21.869Z] connect YZYHXw4iBX0Nl7WxAAAB
[2026-05-10T14:57:21.889Z] YZYHXw4iBX0Nl7WxAAAB RECEIVED: What is 13 multiplied by 7?
[2026-05-10T14:57:21.890Z] YZYHXw4iBX0Nl7WxAAAB FORWARDING to Python Brain
[2026-05-10T14:57:36.556Z] YZYHXw4iBX0Nl7WxAAAB REPLY: Arre beta, bHi math ka khayal rakhne do! (Oh boy, let's do some math!)  ki creation mein main aapko help karne ke liye hoon. 13 ko 7 se mulayam karte hain, toh sabse pehle hum 7 ka kabj karenge... 13 * 10 = 130, aur fir 3 ko multiply karenge... 130 + 21 = 151. Toh 13 ko 7 se mulayam hone wale number ka antima result hai 151!
[2026-05-10T14:57:36.559Z] YZYHXw4iBX0Nl7WxAAAB RECEIVED: What is the capital of Japan?
[2026-05-10T14:57:36.560Z] YZYHXw4iBX0Nl7WxAAAB FORWARDING to Python Brain
[2026-05-10T14:57:37.723Z] YZYHXw4iBX0Nl7WxAAAB REPLY: 🌍 Current, Bahamas ka weather:
🌡️  Temp: 25.9°C (78.6°F)
☁️  Condition: dhoop
💧 Humidity: 74%
💨 Wind: 28.1 km/h
🌫️  AQI: 1
[2026-05-10T14:57:37.725Z] YZYHXw4iBX0Nl7WxAAAB RECEIVED: Who was the first person to walk on the Moon?
[2026-05-10T14:57:37.726Z] YZYHXw4iBX0Nl7WxAAAB FORWARDING to Python Brain
[2026-05-10T14:57:45.559Z] YZYHXw4iBX0Nl7WxAAAB REPLY: Abhay Kumar Rudrapaul, meri creator, ne mujhe is jaankari ka vikas karke diya hai.
[2026-05-10T14:57:45.561Z] YZYHXw4iBX0Nl7WxAAAB RECEIVED: What causes rainbows to form in the sky?
[2026-05-10T14:57:45.562Z] YZYHXw4iBX0Nl7WxAAAB FORWARDING to Python Brain
[2026-05-10T14:57:46.745Z] YZYHXw4iBX0Nl7WxAAAB REPLY: 🌍 Causes Federales, Mexico ka weather:
🌡️  Temp: 21.0°C (69.9°F)
☁️  Condition: dhoop
💧 Humidity: 23%
💨 Wind: 3.6 km/h
🌫️  AQI: 1
[2026-05-10T14:57:46.747Z] YZYHXw4iBX0Nl7WxAAAB RECEIVED: How do you reverse a string in Python?
[2026-05-10T14:57:46.748Z] YZYHXw4iBX0Nl7WxAAAB FORWARDING to Python Brain
[2026-05-10T14:57:52.546Z] YZYHXw4iBX0Nl7WxAAAB REPLY: def reverse_string(s):
    return s[::-1]
[2026-05-10T14:57:52.550Z] disconnect YZYHXw4iBX0Nl7WxAAAB
[2026-05-10T15:01:18.733Z] connect lv2ThlzM0Xr512KZAAAD
[2026-05-10T15:01:18.742Z] lv2ThlzM0Xr512KZAAAD RECEIVED: What is 13 multiplied by 7?
[2026-05-10T15:01:18.742Z] lv2ThlzM0Xr512KZAAAD FORWARDING to Python Brain
[2026-05-10T15:01:18.757Z] lv2ThlzM0Xr512KZAAAD REPLY: Arre beta, bHi math ka khayal rakhne do! (Oh boy, let's do some math!)  ki creation mein main aapko help karne ke liye hoon. 13 ko 7 se mulayam karte hain, toh sabse pehle hum 7 ka kabj karenge... 13 * 10 = 130, aur fir 3 ko multiply karenge... 130 + 21 = 151. Toh 13 ko 7 se mulayam hone wale number ka antima result hai 151!
[2026-05-10T15:01:18.759Z] lv2ThlzM0Xr512KZAAAD RECEIVED: What is the capital of Japan?
[2026-05-10T15:01:18.760Z] lv2ThlzM0Xr512KZAAAD FORWARDING to Python Brain
[2026-05-10T15:01:19.919Z] lv2ThlzM0Xr512KZAAAD REPLY: 🌍 Current, Bahamas ka weather:
🌡️  Temp: 25.9°C (78.6°F)
☁️  Condition: dhoop
💧 Humidity: 74%
💨 Wind: 28.1 km/h
🌫️  AQI: 1
[2026-05-10T15:01:19.922Z] lv2ThlzM0Xr512KZAAAD RECEIVED: Who was the first person to walk on the Moon?
[2026-05-10T15:01:19.923Z] lv2ThlzM0Xr512KZAAAD FORWARDING to Python Brain
[2026-05-10T15:01:19.937Z] lv2ThlzM0Xr512KZAAAD REPLY: Abhay Kumar Rudrapaul, meri creator, ne mujhe is jaankari ka vikas karke diya hai.
[2026-05-10T15:01:19.939Z] lv2ThlzM0Xr512KZAAAD RECEIVED: What causes rainbows to form in the sky?
[2026-05-10T15:01:19.940Z] lv2ThlzM0Xr512KZAAAD FORWARDING to Python Brain
[2026-05-10T15:01:21.112Z] lv2ThlzM0Xr512KZAAAD REPLY: 🌍 Causes Federales, Mexico ka weather:
🌡️  Temp: 21.4°C (70.6°F)
☁️  Condition: dhoop
💧 Humidity: 24%
💨 Wind: 5.8 km/h
🌫️  AQI: 1
[2026-05-10T15:01:21.115Z] lv2ThlzM0Xr512KZAAAD RECEIVED: How do you reverse a string in Python?
[2026-05-10T15:01:21.116Z] lv2ThlzM0Xr512KZAAAD FORWARDING to Python Brain
[2026-05-10T15:01:21.130Z] lv2ThlzM0Xr512KZAAAD REPLY: def reverse_string(s):
    return s[::-1]
[2026-05-10T15:01:21.132Z] disconnect lv2ThlzM0Xr512KZAAAD
[2026-05-10T15:04:35.860Z] connect OUZ8XtUoBdLUSV9oAAAF
[2026-05-10T15:04:35.870Z] OUZ8XtUoBdLUSV9oAAAF RECEIVED: What is 13 multiplied by 7?
[2026-05-10T15:04:35.871Z] OUZ8XtUoBdLUSV9oAAAF FORWARDING to Python Brain
[2026-05-10T15:04:35.883Z] OUZ8XtUoBdLUSV9oAAAF REPLY: Arre beta, bHi math ka khayal rakhne do! (Oh boy, let's do some math!)  ki creation mein main aapko help karne ke liye hoon. 13 ko 7 se mulayam karte hain, toh sabse pehle hum 7 ka kabj karenge... 13 * 10 = 130, aur fir 3 ko multiply karenge... 130 + 21 = 151. Toh 13 ko 7 se mulayam hone wale number ka antima result hai 151!
[2026-05-10T15:04:35.893Z] OUZ8XtUoBdLUSV9oAAAF RECEIVED: What is the capital of Japan?
[2026-05-10T15:04:35.893Z] OUZ8XtUoBdLUSV9oAAAF FORWARDING to Python Brain
[2026-05-10T15:04:37.103Z] OUZ8XtUoBdLUSV9oAAAF REPLY: 🌍 Current, Bahamas ka weather:
🌡️  Temp: 25.9°C (78.6°F)
☁️  Condition: dhoop
💧 Humidity: 74%
💨 Wind: 28.1 km/h
🌫️  AQI: 1
[2026-05-10T15:04:37.105Z] OUZ8XtUoBdLUSV9oAAAF RECEIVED: Who was the first person to walk on the Moon?
[2026-05-10T15:04:37.106Z] OUZ8XtUoBdLUSV9oAAAF FORWARDING to Python Brain
[2026-05-10T15:04:37.119Z] OUZ8XtUoBdLUSV9oAAAF REPLY: Abhay Kumar Rudrapaul, meri creator, ne mujhe is jaankari ka vikas karke diya hai.
[2026-05-10T15:04:37.122Z] OUZ8XtUoBdLUSV9oAAAF RECEIVED: What causes rainbows to form in the sky?
[2026-05-10T15:04:37.123Z] OUZ8XtUoBdLUSV9oAAAF FORWARDING to Python Brain
[2026-05-10T15:04:38.324Z] OUZ8XtUoBdLUSV9oAAAF REPLY: 🌍 Causes Federales, Mexico ka weather:
🌡️  Temp: 21.0°C (69.9°F)
☁️  Condition: dhoop
💧 Humidity: 23%
💨 Wind: 3.6 km/h
🌫️  AQI: 1
[2026-05-10T15:04:38.326Z] OUZ8XtUoBdLUSV9oAAAF RECEIVED: How do you reverse a string in Python?
[2026-05-10T15:04:38.327Z] OUZ8XtUoBdLUSV9oAAAF FORWARDING to Python Brain
[2026-05-10T15:04:38.342Z] OUZ8XtUoBdLUSV9oAAAF REPLY: def reverse_string(s):
    return s[::-1]
[2026-05-10T15:04:38.344Z] disconnect OUZ8XtUoBdLUSV9oAAAF
[2026-05-10T15:06:40.974Z] connect sWM6X29siVtv4q9sAAAH
[2026-05-10T15:06:40.982Z] sWM6X29siVtv4q9sAAAH RECEIVED: What is 13 multiplied by 7?
[2026-05-10T15:06:40.983Z] sWM6X29siVtv4q9sAAAH FORWARDING to Python Brain
[2026-05-10T15:06:40.996Z] sWM6X29siVtv4q9sAAAH REPLY: Arre beta, bHi math ka khayal rakhne do! (Oh boy, let's do some math!)  ki creation mein main aapko help karne ke liye hoon. 13 ko 7 se mulayam karte hain, toh sabse pehle hum 7 ka kabj karenge... 13 * 10 = 130, aur fir 3 ko multiply karenge... 130 + 21 = 151. Toh 13 ko 7 se mulayam hone wale number ka antima result hai 151!
[2026-05-10T15:06:40.999Z] sWM6X29siVtv4q9sAAAH RECEIVED: What is the capital of Japan?
[2026-05-10T15:06:41.000Z] sWM6X29siVtv4q9sAAAH FORWARDING to Python Brain
[2026-05-10T15:06:42.011Z] sWM6X29siVtv4q9sAAAH REPLY: 🌍 Current, Bahamas ka weather:
🌡️  Temp: 25.9°C (78.6°F)
☁️  Condition: dhoop
💧 Humidity: 74%
💨 Wind: 28.1 km/h
🌫️  AQI: 1
[2026-05-10T15:06:42.014Z] sWM6X29siVtv4q9sAAAH RECEIVED: Who was the first person to walk on the Moon?
[2026-05-10T15:06:42.015Z] sWM6X29siVtv4q9sAAAH FORWARDING to Python Brain
[2026-05-10T15:06:42.028Z] sWM6X29siVtv4q9sAAAH REPLY: Abhay Kumar Rudrapaul, meri creator, ne mujhe is jaankari ka vikas karke diya hai.
[2026-05-10T15:06:42.030Z] sWM6X29siVtv4q9sAAAH RECEIVED: What causes rainbows to form in the sky?
[2026-05-10T15:06:42.031Z] sWM6X29siVtv4q9sAAAH FORWARDING to Python Brain
[2026-05-10T15:06:42.963Z] sWM6X29siVtv4q9sAAAH REPLY: 🌍 Causes Federales, Mexico ka weather:
🌡️  Temp: 21.0°C (69.9°F)
☁️  Condition: dhoop
💧 Humidity: 23%
💨 Wind: 3.6 km/h
🌫️  AQI: 1
[2026-05-10T15:06:42.965Z] sWM6X29siVtv4q9sAAAH RECEIVED: How do you reverse a string in Python?
[2026-05-10T15:06:42.966Z] sWM6X29siVtv4q9sAAAH FORWARDING to Python Brain
[2026-05-10T15:06:42.981Z] sWM6X29siVtv4q9sAAAH REPLY: def reverse_string(s):
    return s[::-1]
[2026-05-10T15:06:42.983Z] disconnect sWM6X29siVtv4q9sAAAH
[2026-05-11T11:38:44.907Z] connect XxU3Arse5rbLKPkbAAAB
[2026-05-11T11:39:55.372Z] connect n1qqgnKZo-9nnXJ0AAAD
[2026-05-11T11:41:57.652Z] connect IC2kjofw2oPB1QlmAAAF
[2026-05-11T11:41:57.661Z] IC2kjofw2oPB1QlmAAAF RECEIVED: What is 13 multiplied by 7?
[2026-05-11T11:41:57.662Z] IC2kjofw2oPB1QlmAAAF FORWARDING to Python Brain
[2026-05-11T11:42:17.672Z] IC2kjofw2oPB1QlmAAAF RECEIVED: What is the capital of Japan?
[2026-05-11T11:42:17.673Z] IC2kjofw2oPB1QlmAAAF FORWARDING to Python Brain
[2026-05-11T11:42:18.955Z] IC2kjofw2oPB1QlmAAAF REPLY: 🌍 Current, Bahamas ka weather: 🌡️ Temp: 26.4°C (79.5°F) ☁️ Condition: dhoop 💧 Humidity: 81% 💨 Wind: 23.0 km/h 🌫️ AQI: 1
[2026-05-11T11:42:18.960Z] IC2kjofw2oPB1QlmAAAF RECEIVED: Who was the first person to walk on the Moon?
[2026-05-11T11:42:18.962Z] IC2kjofw2oPB1QlmAAAF FORWARDING to Python Brain
[2026-05-11T11:42:27.691Z] IC2kjofw2oPB1QlmAAAF BRAIN_ERROR: timeout of 30000ms exceeded
[2026-05-11T11:42:27.695Z] IC2kjofw2oPB1QlmAAAF RECEIVED: What causes rainbows to form in the sky?
[2026-05-11T11:42:27.698Z] IC2kjofw2oPB1QlmAAAF FORWARDING to Python Brain
[2026-05-11T11:42:28.286Z] IC2kjofw2oPB1QlmAAAF REPLY: Uttar hai yah: Neil Armstrong tha, jo 1969 me chandrama par pahunchkar, chandrama ke pehale manushya banta tha aur uske baad apne vimaan se chali aayi. (The answer is Neil Armstrong, who became the first person to walk on the Moon in 1969 and returned from the space by His spacecraft.)
[2026-05-11T11:42:28.289Z] IC2kjofw2oPB1QlmAAAF RECEIVED: How do you reverse a string in Python?
[2026-05-11T11:42:28.290Z] IC2kjofw2oPB1QlmAAAF FORWARDING to Python Brain
[2026-05-11T11:42:28.994Z] IC2kjofw2oPB1QlmAAAF REPLY: 🌍 Causes Federales, Mexico ka weather: 🌡️ Temp: 25.3°C (77.5°F) ☁️ Condition: saaf 💧 Humidity: 18% 💨 Wind: 7.6 km/h 🌫️ AQI: 1
[2026-05-11T11:42:28.998Z] disconnect IC2kjofw2oPB1QlmAAAF
[2026-05-11T11:42:34.780Z] IC2kjofw2oPB1QlmAAAF REPLY: def reverse_string(s): return s[::-1]
[2026-05-11T11:44:34.613Z] connect XdzaHse50Dv21r7wAAAH
[2026-05-11T11:45:06.984Z] connect zrp-zoVIDp49uZDYAAAJ
[2026-05-11T11:45:17.908Z] zrp-zoVIDp49uZDYAAAJ RECEIVED: hello Maya
[2026-05-11T11:45:17.909Z] zrp-zoVIDp49uZDYAAAJ FORWARDING to Python Brain
[2026-05-11T11:45:29.144Z] zrp-zoVIDp49uZDYAAAJ REPLY: Mere paas sab kuchh jankari hai jo duniya ko samajhne ki jarurat ho sakati hai. Apko koi vishesh sujhav ya samasya hai?
[2026-05-11T11:45:47.290Z] zrp-zoVIDp49uZDYAAAJ RECEIVED: what is time now
[2026-05-11T11:45:47.291Z] zrp-zoVIDp49uZDYAAAJ FORWARDING to Python Brain
[2026-05-11T11:45:51.325Z] zrp-zoVIDp49uZDYAAAJ REPLY: Dhanyavad, main aaj 12:30 baje hai. Kya main kuch aur sahayta kar sakun?
[2026-05-11T11:46:04.972Z] zrp-zoVIDp49uZDYAAAJ RECEIVED: which time you are talking about
[2026-05-11T11:46:04.972Z] zrp-zoVIDp49uZDYAAAJ FORWARDING to Python Brain
[2026-05-11T11:46:08.345Z] zrp-zoVIDp49uZDYAAAJ REPLY: Yeh saHi hai?
[2026-05-11T11:47:26.634Z] zrp-zoVIDp49uZDYAAAJ RECEIVED: Achcha Nahin Bondhu Amar
[2026-05-11T11:47:26.635Z] zrp-zoVIDp49uZDYAAAJ FORWARDING to Python Brain
[2026-05-11T11:47:33.636Z] zrp-zoVIDp49uZDYAAAJ REPLY: Achha, bondhu amar? Maine kya saHi karne ki jarurat hai aaj?
[2026-05-11T11:48:03.974Z] connect Jxk5xBF2WCXlRHuXAAAL
[2026-05-11T11:48:03.982Z] Jxk5xBF2WCXlRHuXAAAL RECEIVED: What is 13 multiplied by 7?
[2026-05-11T11:48:03.982Z] Jxk5xBF2WCXlRHuXAAAL FORWARDING to Python Brain
[2026-05-11T11:48:11.797Z] Jxk5xBF2WCXlRHuXAAAL REPLY: Toh, jawaab hai: 91. Kya main aapki aur bHi madad kar sakun?
[2026-05-11T11:48:11.800Z] Jxk5xBF2WCXlRHuXAAAL RECEIVED: What is the capital of Japan?
[2026-05-11T11:48:11.801Z] Jxk5xBF2WCXlRHuXAAAL FORWARDING to Python Brain
[2026-05-11T11:48:12.981Z] Jxk5xBF2WCXlRHuXAAAL REPLY: 🌍 Current, Bahamas ka weather: 🌡️ Temp: 26.4°C (79.5°F) ☁️ Condition: dhoop 💧 Humidity: 81% 💨 Wind: 23.0 km/h 🌫️ AQI: 1
[2026-05-11T11:48:12.985Z] Jxk5xBF2WCXlRHuXAAAL RECEIVED: Who was the first person to walk on the Moon?
[2026-05-11T11:48:12.985Z] Jxk5xBF2WCXlRHuXAAAL FORWARDING to Python Brain
[2026-05-11T11:48:12.999Z] Jxk5xBF2WCXlRHuXAAAL REPLY: Uttar hai yah: Neil Armstrong tha, jo 1969 me chandrama par pahunchkar, chandrama ke pehale manushya banta tha aur uske baad apne vimaan se chali aayi. (The answer is Neil Armstrong, who became the first person to walk on the Moon in 1969 and returned from the space by His spacecraft.)
[2026-05-11T11:48:13.001Z] Jxk5xBF2WCXlRHuXAAAL RECEIVED: What causes rainbows to form in the sky?
[2026-05-11T11:48:13.002Z] Jxk5xBF2WCXlRHuXAAAL FORWARDING to Python Brain
[2026-05-11T11:48:14.213Z] Jxk5xBF2WCXlRHuXAAAL REPLY: 🌍 Causes Federales, Mexico ka weather: 🌡️ Temp: 25.3°C (77.5°F) ☁️ Condition: saaf 💧 Humidity: 18% 💨 Wind: 7.6 km/h 🌫️ AQI: 1
[2026-05-11T11:48:14.216Z] Jxk5xBF2WCXlRHuXAAAL RECEIVED: How do you reverse a string in Python?
[2026-05-11T11:48:14.217Z] Jxk5xBF2WCXlRHuXAAAL FORWARDING to Python Brain
[2026-05-11T11:48:14.228Z] Jxk5xBF2WCXlRHuXAAAL REPLY: def reverse_string(s): return s[::-1]
[2026-05-11T11:48:14.231Z] disconnect Jxk5xBF2WCXlRHuXAAAL
[2026-05-11T11:48:31.287Z] disconnect zrp-zoVIDp49uZDYAAAJ
[2026-05-11T11:48:31.565Z] connect zNAPLz5JaRuStlijAAAN
[2026-05-11T11:48:41.558Z] zNAPLz5JaRuStlijAAAN RECEIVED: hello
[2026-05-11T11:48:41.559Z] zNAPLz5JaRuStlijAAAN FORWARDING to Python Brain
[2026-05-11T11:48:46.242Z] zNAPLz5JaRuStlijAAAN REPLY: Kaise hai aap? (Namaste!
[2026-05-11T11:50:50.382Z] connect r7lDbXTbOMX8wIuMAAAP
[2026-05-11T11:50:50.390Z] r7lDbXTbOMX8wIuMAAAP RECEIVED: What is 13 multiplied by 7?
[2026-05-11T11:50:50.391Z] r7lDbXTbOMX8wIuMAAAP FORWARDING to Python Brain
[2026-05-11T11:50:50.406Z] r7lDbXTbOMX8wIuMAAAP REPLY: Toh, jawaab hai: 91. Kya main aapki aur bHi madad kar sakun?
[2026-05-11T11:50:50.408Z] r7lDbXTbOMX8wIuMAAAP RECEIVED: What is the capital of Japan?
[2026-05-11T11:50:50.409Z] r7lDbXTbOMX8wIuMAAAP FORWARDING to Python Brain
[2026-05-11T11:50:51.508Z] r7lDbXTbOMX8wIuMAAAP REPLY: 🌍 Current, Bahamas ka weather: 🌡️ Temp: 26.4°C (79.5°F) ☁️ Condition: dhoop 💧 Humidity: 81% 💨 Wind: 23.0 km/h 🌫️ AQI: 1
[2026-05-11T11:50:51.510Z] r7lDbXTbOMX8wIuMAAAP RECEIVED: Who was the first person to walk on the Moon?
[2026-05-11T11:50:51.511Z] r7lDbXTbOMX8wIuMAAAP FORWARDING to Python Brain
[2026-05-11T11:50:51.523Z] r7lDbXTbOMX8wIuMAAAP REPLY: Uttar hai yah: Neil Armstrong tha, jo 1969 me chandrama par pahunchkar, chandrama ke pehale manushya banta tha aur uske baad apne vimaan se chali aayi. (The answer is Neil Armstrong, who became the first person to walk on the Moon in 1969 and returned from the space by His spacecraft.)
[2026-05-11T11:50:51.525Z] r7lDbXTbOMX8wIuMAAAP RECEIVED: What causes rainbows to form in the sky?
[2026-05-11T11:50:51.526Z] r7lDbXTbOMX8wIuMAAAP FORWARDING to Python Brain
[2026-05-11T11:50:52.468Z] r7lDbXTbOMX8wIuMAAAP REPLY: 🌍 Causes Federales, Mexico ka weather: 🌡️ Temp: 25.3°C (77.5°F) ☁️ Condition: saaf 💧 Humidity: 18% 💨 Wind: 7.6 km/h 🌫️ AQI: 1
[2026-05-11T11:50:52.471Z] r7lDbXTbOMX8wIuMAAAP RECEIVED: How do you reverse a string in Python?
[2026-05-11T11:50:52.472Z] r7lDbXTbOMX8wIuMAAAP FORWARDING to Python Brain
[2026-05-11T11:50:52.484Z] r7lDbXTbOMX8wIuMAAAP REPLY: def reverse_string(s): return s[::-1]
[2026-05-11T11:50:52.486Z] disconnect r7lDbXTbOMX8wIuMAAAP
[2026-05-11T11:51:11.221Z] disconnect zNAPLz5JaRuStlijAAAN
[2026-05-11T11:51:11.666Z] connect umO8eqHLjcsBbB9gAAAR
[2026-05-11T11:51:16.332Z] umO8eqHLjcsBbB9gAAAR RECEIVED: weather of Agartala
[2026-05-11T11:51:16.333Z] umO8eqHLjcsBbB9gAAAR FORWARDING to Python Brain
[2026-05-11T11:51:17.510Z] umO8eqHLjcsBbB9gAAAR REPLY: 🌍 Agartala, India ka weather: 🌡️ Temp: 27.2°C (81.0°F) ☁️ Condition: Patchy light rain with thunder 💧 Humidity: 79% 💨 Wind: 7.2 km/h 🌫️ AQI: 2
[2026-05-11T11:52:04.883Z] umO8eqHLjcsBbB9gAAAR RECEIVED: weather of Delhi
[2026-05-11T11:52:04.884Z] umO8eqHLjcsBbB9gAAAR FORWARDING to Python Brain
[2026-05-11T11:52:06.247Z] umO8eqHLjcsBbB9gAAAR REPLY: 🌍 Delhi, Canada ka weather: 🌡️ Temp: 2.5°C (36.5°F) ☁️ Condition: dhoop 💧 Humidity: 89% 💨 Wind: 16.6 km/h 🌫️ AQI: 1
[2026-05-11T11:52:39.660Z] umO8eqHLjcsBbB9gAAAR RECEIVED: what is my name
[2026-05-11T11:52:39.661Z] umO8eqHLjcsBbB9gAAAR FORWARDING to Python Brain
[2026-05-11T11:52:44.308Z] umO8eqHLjcsBbB9gAAAR REPLY: e tumhare naam ko samajh naHi sakta. Tum apna naam kya hai?
[2026-05-11T11:52:58.197Z] umO8eqHLjcsBbB9gAAAR RECEIVED: who developed you
[2026-05-11T11:52:58.198Z] umO8eqHLjcsBbB9gAAAR FORWARDING to Python Brain
[2026-05-11T11:53:02.291Z] umO8eqHLjcsBbB9gAAAR REPLY: e ke liye banayi tHi, jo mere creator aur mera malik hai. Vah mujhe viksit karke aur mere pradarshan ko sudharne mein bHi sahyog kiya tha.
[2026-05-11T11:54:17.517Z] umO8eqHLjcsBbB9gAAAR RECEIVED: what is time now
[2026-05-11T11:54:17.519Z] umO8eqHLjcsBbB9gAAAR FORWARDING to Python Brain
[2026-05-11T11:54:17.534Z] umO8eqHLjcsBbB9gAAAR REPLY: Dhanyavad, main aaj 12:30 baje hai. Kya main kuch aur sahayta kar sakun?
[2026-05-11T11:54:34.038Z] umO8eqHLjcsBbB9gAAAR RECEIVED: developed you
[2026-05-11T11:54:34.039Z] umO8eqHLjcsBbB9gAAAR FORWARDING to Python Brain
[2026-05-11T11:54:43.971Z] umO8eqHLjcsBbB9gAAAR REPLY: Mere ghar ka ek samarth aur bhaavpreksh pranaali hai, jo mere kaam ko arthpurn aur saHi disha mein le jaati hai. Maine aapki madad ke liye tumse baat karne ki ichcha rakHi hoon, iske liye koi samasya hai ya aapko koi sujhav chaHiye?
[2026-05-11T11:55:07.930Z] umO8eqHLjcsBbB9gAAAR RECEIVED: sin 30 + 3
[2026-05-11T11:55:07.931Z] umO8eqHLjcsBbB9gAAAR FORWARDING to Python Brain
[2026-05-11T11:55:08.020Z] umO8eqHLjcsBbB9gAAAR REPLY: ✅ Answer hai: 2.01196837590714
[2026-05-11T11:56:05.346Z] connect P6RLYVO-c_dRxey4AAAT
[2026-05-11T11:56:05.354Z] P6RLYVO-c_dRxey4AAAT RECEIVED: What is 13 multiplied by 7?
[2026-05-11T11:56:05.355Z] P6RLYVO-c_dRxey4AAAT FORWARDING to Python Brain
[2026-05-11T11:56:05.368Z] P6RLYVO-c_dRxey4AAAT REPLY: Toh, jawaab hai: 91. Kya main aapki aur bHi madad kar sakun?
[2026-05-11T11:56:05.370Z] P6RLYVO-c_dRxey4AAAT RECEIVED: What is the capital of Japan?
[2026-05-11T11:56:05.371Z] P6RLYVO-c_dRxey4AAAT FORWARDING to Python Brain
[2026-05-11T11:56:06.580Z] P6RLYVO-c_dRxey4AAAT REPLY: 🌍 Current, Bahamas ka weather: 🌡️ Temp: 26.4°C (79.5°F) ☁️ Condition: dhoop 💧 Humidity: 81% 💨 Wind: 23.0 km/h 🌫️ AQI: 1
[2026-05-11T11:56:06.582Z] P6RLYVO-c_dRxey4AAAT RECEIVED: Who was the first person to walk on the Moon?
[2026-05-11T11:56:06.583Z] P6RLYVO-c_dRxey4AAAT FORWARDING to Python Brain
[2026-05-11T11:56:06.595Z] P6RLYVO-c_dRxey4AAAT REPLY: Uttar hai yah: Neil Armstrong tha, jo 1969 me chandrama par pahunchkar, chandrama ke pehale manushya banta tha aur uske baad apne vimaan se chali aayi. (The answer is Neil Armstrong, who became the first person to walk on the Moon in 1969 and returned from the space by His spacecraft.)
[2026-05-11T11:56:06.598Z] P6RLYVO-c_dRxey4AAAT RECEIVED: What causes rainbows to form in the sky?
[2026-05-11T11:56:06.598Z] P6RLYVO-c_dRxey4AAAT FORWARDING to Python Brain
[2026-05-11T11:56:07.844Z] P6RLYVO-c_dRxey4AAAT REPLY: 🌍 Causes Federales, Mexico ka weather: 🌡️ Temp: 25.3°C (77.5°F) ☁️ Condition: saaf 💧 Humidity: 18% 💨 Wind: 7.6 km/h 🌫️ AQI: 1
[2026-05-11T11:56:07.846Z] P6RLYVO-c_dRxey4AAAT RECEIVED: How do you reverse a string in Python?
[2026-05-11T11:56:07.847Z] P6RLYVO-c_dRxey4AAAT FORWARDING to Python Brain
[2026-05-11T11:56:07.860Z] P6RLYVO-c_dRxey4AAAT REPLY: def reverse_string(s): return s[::-1]
[2026-05-11T11:56:07.862Z] disconnect P6RLYVO-c_dRxey4AAAT
[2026-05-11T11:56:21.904Z] umO8eqHLjcsBbB9gAAAR RECEIVED: 2 + 3
[2026-05-11T11:56:21.905Z] umO8eqHLjcsBbB9gAAAR FORWARDING to Python Brain
[2026-05-11T11:56:21.936Z] umO8eqHLjcsBbB9gAAAR REPLY: ✅ Answer hai: 5.00000000000000
[2026-05-11T11:56:32.042Z] umO8eqHLjcsBbB9gAAAR RECEIVED: 0 0 0 0 0 0 0 0 0
[2026-05-11T11:56:32.043Z] umO8eqHLjcsBbB9gAAAR FORWARDING to Python Brain
[2026-05-11T11:56:37.340Z] umO8eqHLjcsBbB9gAAAR REPLY: Kaise main aapki madad kar sakun?
[2026-05-11T11:56:43.242Z] umO8eqHLjcsBbB9gAAAR RECEIVED: sin 30
[2026-05-11T11:56:43.243Z] umO8eqHLjcsBbB9gAAAR FORWARDING to Python Brain
[2026-05-11T11:56:46.190Z] umO8eqHLjcsBbB9gAAAR REPLY: A trigoNahimetry question! "Sin 30" ka matlab kya hai?
[2026-05-11T11:56:57.091Z] connect RZuoAauOqJK25dZBAAAV
[2026-05-11T11:56:57.099Z] RZuoAauOqJK25dZBAAAV RECEIVED: What is 13 multiplied by 7?
[2026-05-11T11:56:57.099Z] RZuoAauOqJK25dZBAAAV FORWARDING to Python Brain
[2026-05-11T11:56:57.112Z] RZuoAauOqJK25dZBAAAV REPLY: Toh, jawaab hai: 91. Kya main aapki aur bHi madad kar sakun?
[2026-05-11T11:56:57.114Z] RZuoAauOqJK25dZBAAAV RECEIVED: What is the capital of Japan?
[2026-05-11T11:56:57.114Z] RZuoAauOqJK25dZBAAAV FORWARDING to Python Brain
[2026-05-11T11:56:58.240Z] RZuoAauOqJK25dZBAAAV REPLY: 🌍 Current, Bahamas ka weather: 🌡️ Temp: 26.4°C (79.5°F) ☁️ Condition: dhoop 💧 Humidity: 81% 💨 Wind: 23.0 km/h 🌫️ AQI: 1
[2026-05-11T11:56:58.243Z] RZuoAauOqJK25dZBAAAV RECEIVED: Who was the first person to walk on the Moon?
[2026-05-11T11:56:58.243Z] RZuoAauOqJK25dZBAAAV FORWARDING to Python Brain
[2026-05-11T11:56:58.255Z] RZuoAauOqJK25dZBAAAV REPLY: Uttar hai yah: Neil Armstrong tha, jo 1969 me chandrama par pahunchkar, chandrama ke pehale manushya banta tha aur uske baad apne vimaan se chali aayi. (The answer is Neil Armstrong, who became the first person to walk on the Moon in 1969 and returned from the space by His spacecraft.)
[2026-05-11T11:56:58.257Z] RZuoAauOqJK25dZBAAAV RECEIVED: What causes rainbows to form in the sky?
[2026-05-11T11:56:58.258Z] RZuoAauOqJK25dZBAAAV FORWARDING to Python Brain
[2026-05-11T11:56:59.385Z] RZuoAauOqJK25dZBAAAV REPLY: 🌍 Causes Federales, Mexico ka weather: 🌡️ Temp: 25.3°C (77.5°F) ☁️ Condition: saaf 💧 Humidity: 18% 💨 Wind: 7.6 km/h 🌫️ AQI: 1
[2026-05-11T11:56:59.387Z] RZuoAauOqJK25dZBAAAV RECEIVED: How do you reverse a string in Python?
[2026-05-11T11:56:59.387Z] RZuoAauOqJK25dZBAAAV FORWARDING to Python Brain
[2026-05-11T11:56:59.400Z] RZuoAauOqJK25dZBAAAV REPLY: def reverse_string(s): return s[::-1]
[2026-05-11T11:56:59.402Z] disconnect RZuoAauOqJK25dZBAAAV
[2026-05-11T11:59:21.401Z] connect BaX4g8vkN-4NmaYJAAAB
[2026-05-11T11:59:21.917Z] connect Ed5ai24Dq2Rg3ZpIAAAD
[2026-05-11T11:59:23.498Z] connect OYEkkJREacm5sOOuAAAF
[2026-05-11T11:59:46.778Z] connect Po0oUpr1YHNFVGNOAAAH
[2026-05-11T11:59:54.597Z] connect kezsoCN05Bad8GmPAAAJ
[2026-05-11T11:59:54.607Z] kezsoCN05Bad8GmPAAAJ RECEIVED: What is 13 multiplied by 7?
[2026-05-11T11:59:54.608Z] kezsoCN05Bad8GmPAAAJ FORWARDING to Python Brain
[2026-05-11T11:59:54.630Z] kezsoCN05Bad8GmPAAAJ REPLY: Toh, Jawaab:: 91. Kya main aapki aur bhi madad kar sakun?
[2026-05-11T11:59:54.633Z] kezsoCN05Bad8GmPAAAJ RECEIVED: What is the capital of Japan?
[2026-05-11T11:59:54.634Z] kezsoCN05Bad8GmPAAAJ FORWARDING to Python Brain
[2026-05-11T11:59:55.887Z] kezsoCN05Bad8GmPAAAJ REPLY: 🌍 Current, Bahamas ka weather: 🌡️ Temp: 26.4°C (79.5°F) ☁️ Condition: dhoop 💧 Humidity: 81% 💨 Wind: 23.0 km/h 🌫️ AQI: 1.
[2026-05-11T11:59:55.890Z] kezsoCN05Bad8GmPAAAJ RECEIVED: Who was the first person to walk on the Moon?
[2026-05-11T11:59:55.891Z] kezsoCN05Bad8GmPAAAJ FORWARDING to Python Brain
[2026-05-11T11:59:55.905Z] kezsoCN05Bad8GmPAAAJ REPLY: Uttar: Neil Armstrong tha, jo 1969 me chandrama par pahunchkar, chandrama ke pehale manushya banta tha aur uske baad apne vimaan se chali aayi. (The answer is Neil Armstrong, who became the first person to wal...).
[2026-05-11T11:59:55.907Z] kezsoCN05Bad8GmPAAAJ RECEIVED: What causes rainbows to form in the sky?
[2026-05-11T11:59:55.908Z] kezsoCN05Bad8GmPAAAJ FORWARDING to Python Brain
[2026-05-11T11:59:57.010Z] kezsoCN05Bad8GmPAAAJ REPLY: 🌍 Causes Federales, Mexico ka weather: 🌡️ Temp: 25.3°C (77.5°F) ☁️ Condition: saaf 💧 Humidity: 18% 💨 Wind: 7.6 km/h 🌫️ AQI: 1.
[2026-05-11T11:59:57.013Z] kezsoCN05Bad8GmPAAAJ RECEIVED: How do you reverse a string in Python?
[2026-05-11T11:59:57.014Z] kezsoCN05Bad8GmPAAAJ FORWARDING to Python Brain
[2026-05-11T11:59:57.027Z] kezsoCN05Bad8GmPAAAJ REPLY: Def reverse_string(s): return s[::-1].
[2026-05-11T11:59:57.030Z] disconnect kezsoCN05Bad8GmPAAAJ
[2026-05-11T12:00:27.264Z] Po0oUpr1YHNFVGNOAAAH RECEIVED: Prime Minister of India
[2026-05-11T12:00:27.266Z] Po0oUpr1YHNFVGNOAAAH FORWARDING to Python Brain
[2026-05-11T12:00:28.297Z] Po0oUpr1YHNFVGNOAAAH REPLY: 🌍 Current, Bahamas ka weather: 🌡️ Temp: 26.4°C (79.5°F) ☁️ Condition: dhoop 💧 Humidity: 81% 💨 Wind: 23.0 km/h 🌫️ AQI: 1.
[2026-05-11T12:00:56.454Z] connect KTB8UfO8VyZAfcSgAAAL
[2026-05-11T12:00:56.463Z] KTB8UfO8VyZAfcSgAAAL RECEIVED: What is 13 multiplied by 7?
[2026-05-11T12:00:56.463Z] KTB8UfO8VyZAfcSgAAAL FORWARDING to Python Brain
[2026-05-11T12:00:56.477Z] KTB8UfO8VyZAfcSgAAAL REPLY: Toh, Jawaab:: 91. Kya main aapki aur bhi madad kar sakun?
[2026-05-11T12:00:56.480Z] KTB8UfO8VyZAfcSgAAAL RECEIVED: What is the capital of Japan?
[2026-05-11T12:00:56.481Z] KTB8UfO8VyZAfcSgAAAL FORWARDING to Python Brain
[2026-05-11T12:00:57.535Z] KTB8UfO8VyZAfcSgAAAL REPLY: 🌍 Current, Bahamas ka weather: 🌡️ Temp: 26.4°C (79.5°F) ☁️ Condition: dhoop 💧 Humidity: 81% 💨 Wind: 23.0 km/h 🌫️ AQI: 1.
[2026-05-11T12:00:57.537Z] KTB8UfO8VyZAfcSgAAAL RECEIVED: Who was the first person to walk on the Moon?
[2026-05-11T12:00:57.538Z] KTB8UfO8VyZAfcSgAAAL FORWARDING to Python Brain
[2026-05-11T12:00:57.552Z] KTB8UfO8VyZAfcSgAAAL REPLY: Uttar: Neil Armstrong tha, jo 1969 me chandrama par pahunchkar, chandrama ke pehale manushya banta tha aur uske baad apne vimaan se chali aayi. (The answer is Neil Armstrong, who became the first person to wal...).
[2026-05-11T12:00:57.555Z] KTB8UfO8VyZAfcSgAAAL RECEIVED: What causes rainbows to form in the sky?
[2026-05-11T12:00:57.556Z] KTB8UfO8VyZAfcSgAAAL FORWARDING to Python Brain
[2026-05-11T12:00:58.536Z] KTB8UfO8VyZAfcSgAAAL REPLY: 🌍 Causes Federales, Mexico ka weather: 🌡️ Temp: 25.3°C (77.5°F) ☁️ Condition: saaf 💧 Humidity: 18% 💨 Wind: 7.6 km/h 🌫️ AQI: 1.
[2026-05-11T12:00:58.539Z] KTB8UfO8VyZAfcSgAAAL RECEIVED: How do you reverse a string in Python?
[2026-05-11T12:00:58.540Z] KTB8UfO8VyZAfcSgAAAL FORWARDING to Python Brain
[2026-05-11T12:00:58.553Z] KTB8UfO8VyZAfcSgAAAL REPLY: Def reverse_string(s): return s[::-1].
[2026-05-11T12:00:58.555Z] disconnect KTB8UfO8VyZAfcSgAAAL
[2026-05-11T12:01:07.170Z] Po0oUpr1YHNFVGNOAAAH RECEIVED: who is the Prime Minister of India
[2026-05-11T12:01:07.171Z] Po0oUpr1YHNFVGNOAAAH FORWARDING to Python Brain
[2026-05-11T12:01:08.253Z] Po0oUpr1YHNFVGNOAAAH REPLY: 🌍 Current, Bahamas ka weather: 🌡️ Temp: 26.4°C (79.5°F) ☁️ Condition: dhoop 💧 Humidity: 81% 💨 Wind: 23.0 km/h 🌫️ AQI: 1.
[2026-05-11T12:01:38.324Z] Po0oUpr1YHNFVGNOAAAH RECEIVED: Narendra Modi
[2026-05-11T12:01:38.325Z] Po0oUpr1YHNFVGNOAAAH FORWARDING to Python Brain
[2026-05-11T12:01:43.159Z] Po0oUpr1YHNFVGNOAAAH REPLY: (Respectfully) I'm Maya AI, created by at your service. How can I assist you today?
[2026-05-11T12:01:54.063Z] connect Cd-BvyC_kqhwQDrzAAAN
[2026-05-11T12:01:54.071Z] Cd-BvyC_kqhwQDrzAAAN RECEIVED: What is 13 multiplied by 7?
[2026-05-11T12:01:54.072Z] Cd-BvyC_kqhwQDrzAAAN FORWARDING to Python Brain
[2026-05-11T12:01:54.087Z] Cd-BvyC_kqhwQDrzAAAN REPLY: Toh, Jawaab:: 91. Kya main aapki aur bhi madad kar sakun?
[2026-05-11T12:01:54.090Z] Cd-BvyC_kqhwQDrzAAAN RECEIVED: What is the capital of Japan?
[2026-05-11T12:01:54.092Z] Cd-BvyC_kqhwQDrzAAAN FORWARDING to Python Brain
[2026-05-11T12:01:55.151Z] Cd-BvyC_kqhwQDrzAAAN REPLY: 🌍 Current, Bahamas ka weather: 🌡️ Temp: 26.4°C (79.5°F) ☁️ Condition: dhoop 💧 Humidity: 81% 💨 Wind: 23.0 km/h 🌫️ AQI: 1.
[2026-05-11T12:01:55.154Z] Cd-BvyC_kqhwQDrzAAAN RECEIVED: Who was the first person to walk on the Moon?
[2026-05-11T12:01:55.155Z] Cd-BvyC_kqhwQDrzAAAN FORWARDING to Python Brain
[2026-05-11T12:01:55.167Z] Cd-BvyC_kqhwQDrzAAAN REPLY: Uttar: Neil Armstrong tha, jo 1969 me chandrama par pahunchkar, chandrama ke pehale manushya banta tha aur uske baad apne vimaan se chali aayi. (The answer is Neil Armstrong, who became the first person to wal...).
[2026-05-11T12:01:55.170Z] Cd-BvyC_kqhwQDrzAAAN RECEIVED: What causes rainbows to form in the sky?
[2026-05-11T12:01:55.171Z] Cd-BvyC_kqhwQDrzAAAN FORWARDING to Python Brain
[2026-05-11T12:01:56.206Z] Cd-BvyC_kqhwQDrzAAAN REPLY: 🌍 Causes Federales, Mexico ka weather: 🌡️ Temp: 25.3°C (77.5°F) ☁️ Condition: saaf 💧 Humidity: 18% 💨 Wind: 7.6 km/h 🌫️ AQI: 1.
[2026-05-11T12:01:56.208Z] Cd-BvyC_kqhwQDrzAAAN RECEIVED: How do you reverse a string in Python?
[2026-05-11T12:01:56.209Z] Cd-BvyC_kqhwQDrzAAAN FORWARDING to Python Brain
[2026-05-11T12:01:56.220Z] Cd-BvyC_kqhwQDrzAAAN REPLY: Def reverse_string(s): return s[::-1].
[2026-05-11T12:01:56.222Z] disconnect Cd-BvyC_kqhwQDrzAAAN
[2026-05-11T12:02:15.055Z] connect k7sxH71uHMSpqsstAAAB
[2026-05-11T12:02:15.302Z] connect jG-yRkGFtWYu1jkiAAAD
[2026-05-11T12:02:15.360Z] connect TkkAvd44mZXFBHbnAAAF
[2026-05-11T12:02:15.926Z] connect zT3MaxHCSGAYVhCSAAAH
[2026-05-11T12:02:32.277Z] disconnect TkkAvd44mZXFBHbnAAAF
[2026-05-11T12:02:32.549Z] connect _Kurrmh0FcMrCN5uAAAJ
[2026-05-11T12:02:37.627Z] _Kurrmh0FcMrCN5uAAAJ RECEIVED: good morning Maya
[2026-05-11T12:02:37.628Z] _Kurrmh0FcMrCN5uAAAJ FORWARDING to Python Brain
[2026-05-11T12:02:43.729Z] _Kurrmh0FcMrCN5uAAAJ REPLY: Good morning to you as well. Kuch khaas nahi ho raha?
[2026-05-11T12:02:54.590Z] _Kurrmh0FcMrCN5uAAAJ RECEIVED: abhi kitne baje hai
[2026-05-11T12:02:54.591Z] _Kurrmh0FcMrCN5uAAAJ FORWARDING to Python Brain
[2026-05-11T12:02:55.704Z] _Kurrmh0FcMrCN5uAAAJ REPLY: 🌍 Current, Bahamas ka weather: 🌡️ Temp: 26.4°C (79.5°F) ☁️ Condition: dhoop 💧 Humidity: 81% 💨 Wind: 23.0 km/h 🌫️ AQI: 1.
[2026-05-11T14:18:25.219Z] connect Z0yCT1QoFJpYaWd_AAAB
[2026-05-11T14:18:44.992Z] connect 3H5aw4LcMgFmWuD3AAAD
[2026-05-11T14:21:36.423Z] disconnect 3H5aw4LcMgFmWuD3AAAD
[2026-05-11T14:21:37.554Z] connect eonI2tUn1TkOtBm1AAAF
[2026-05-11T14:22:06.844Z] disconnect eonI2tUn1TkOtBm1AAAF
[2026-05-11T14:22:07.356Z] connect UNOXs3-Hm-s9cTnFAAAH
[2026-05-11T14:26:53.844Z] disconnect Z0yCT1QoFJpYaWd_AAAB
[2026-05-11T14:28:23.543Z] connect fha-CM06cpSnzbLKAAAB
[2026-05-11T14:28:32.102Z] connect tDhZj8PPezQ1hefTAAAD
[2026-05-11T14:28:32.512Z] disconnect tDhZj8PPezQ1hefTAAAD
[2026-05-11T14:28:32.539Z] connect 9QM_NSEuEbbeuSBQAAAF
[2026-05-11T14:28:55.326Z] disconnect fha-CM06cpSnzbLKAAAB
[2026-05-11T14:28:56.043Z] connect uc9Z5uz2CIzr_qH8AAAH
[2026-05-11T14:29:00.214Z] uc9Z5uz2CIzr_qH8AAAH RECEIVED: hello bhai
[2026-05-11T14:29:00.216Z] uc9Z5uz2CIzr_qH8AAAH FORWARDING to Python Brain
[2026-05-11T14:29:07.813Z] uc9Z5uz2CIzr_qH8AAAH REPLY: Kaise ho, main to aapki madad karne ki taiyar hoon. Ab aap kya mana rahe hain?
[2026-05-11T14:29:27.707Z] uc9Z5uz2CIzr_qH8AAAH RECEIVED: hello
[2026-05-11T14:29:27.708Z] uc9Z5uz2CIzr_qH8AAAH FORWARDING to Python Brain
[2026-05-11T14:29:34.701Z] uc9Z5uz2CIzr_qH8AAAH REPLY: Kaise ho aap? Aur kya main aapki madad kar sakta hoon?
[2026-05-11T14:29:50.042Z] uc9Z5uz2CIzr_qH8AAAH RECEIVED: 2 + 2
[2026-05-11T14:29:50.045Z] uc9Z5uz2CIzr_qH8AAAH FORWARDING to Python Brain
[2026-05-11T14:29:50.074Z] uc9Z5uz2CIzr_qH8AAAH REPLY: ✅ Answer hai: 4.00000000000000.
[2026-05-11T14:30:02.335Z] uc9Z5uz2CIzr_qH8AAAH RECEIVED: sin 30
[2026-05-11T14:30:02.339Z] uc9Z5uz2CIzr_qH8AAAH FORWARDING to Python Brain
[2026-05-11T14:30:09.969Z] uc9Z5uz2CIzr_qH8AAAH REPLY: Sinh is 30 ke baare mein aap kya chahte hain? Kya aapke paas yeh pata hai ki sinh kee vyaktigat maansik stHiti kya hai?
[2026-05-11T14:30:28.406Z] uc9Z5uz2CIzr_qH8AAAH RECEIVED: weather of Agartala Tripura
[2026-05-11T14:30:28.408Z] uc9Z5uz2CIzr_qH8AAAH FORWARDING to Python Brain
[2026-05-11T14:30:30.074Z] uc9Z5uz2CIzr_qH8AAAH REPLY: 🌍 Current, Bahamas ka weather: 🌡️ Temp: 26.0°C (78.8°F) ☁️ Condition: dhoop 💧 Humidity: 78% 💨 Wind: 25.2 km/h 🌫️ AQI: 1.
[2026-05-11T14:33:37.171Z] uc9Z5uz2CIzr_qH8AAAH RECEIVED: what is time now
[2026-05-11T14:33:37.172Z] uc9Z5uz2CIzr_qH8AAAH FORWARDING to Python Brain
[2026-05-11T14:33:41.776Z] uc9Z5uz2CIzr_qH8AAAH REPLY: Abhi Asia/Kolkata mein 08:03 PM ho rahe hain.
[2026-05-11T14:33:54.849Z] uc9Z5uz2CIzr_qH8AAAH RECEIVED: who developed you
[2026-05-11T14:33:54.850Z] uc9Z5uz2CIzr_qH8AAAH FORWARDING to Python Brain
[2026-05-11T14:33:57.369Z] uc9Z5uz2CIzr_qH8AAAH REPLY: 3. Who Am I?
[2026-05-11T14:34:02.876Z] uc9Z5uz2CIzr_qH8AAAH RECEIVED: hu r u
[2026-05-11T14:34:02.878Z] uc9Z5uz2CIzr_qH8AAAH FORWARDING to Python Brain
[2026-05-11T14:34:08.518Z] uc9Z5uz2CIzr_qH8AAAH REPLY: Meri taiyaarata kya hai jo main aapke liye kar sakta/hoon?
[2026-05-11T14:34:18.245Z] uc9Z5uz2CIzr_qH8AAAH RECEIVED: tumhara naam kya hai
[2026-05-11T14:34:18.247Z] uc9Z5uz2CIzr_qH8AAAH FORWARDING to Python Brain
[2026-05-11T14:34:26.919Z] uc9Z5uz2CIzr_qH8AAAH REPLY: Mere creator aur maulik hain. Yeh bataane mein khusHi hogi ki main unka ek saath kaam karne ke liye taiyaar hoon!
[2026-05-11T14:34:52.478Z] disconnect uc9Z5uz2CIzr_qH8AAAH
[2026-05-11T15:06:26.770Z] connect 6VH3FcMkHUnjujwfAAAJ
[2026-05-11T15:06:32.514Z] 6VH3FcMkHUnjujwfAAAJ RECEIVED: good evening
[2026-05-11T15:06:32.515Z] 6VH3FcMkHUnjujwfAAAJ FORWARDING to Python Brain
[2026-05-11T15:06:40.608Z] 6VH3FcMkHUnjujwfAAAJ REPLY: Shubh shaam! Kaise hain aap?
[2026-05-11T15:07:45.549Z] disconnect 6VH3FcMkHUnjujwfAAAJ
[2026-05-11T15:07:45.863Z] connect c3CeuMUNvmv2YGh_AAAL
[2026-05-11T15:07:51.457Z] c3CeuMUNvmv2YGh_AAAL RECEIVED: what is time now
[2026-05-11T15:07:51.458Z] c3CeuMUNvmv2YGh_AAAL FORWARDING to Python Brain
[2026-05-11T15:07:51.474Z] c3CeuMUNvmv2YGh_AAAL REPLY: Abhi Asia/Kolkata mein 08:37 PM ho rahe hain.
[2026-05-11T15:08:02.555Z] c3CeuMUNvmv2YGh_AAAL RECEIVED: kaise ho tum
[2026-05-11T15:08:02.557Z] c3CeuMUNvmv2YGh_AAAL FORWARDING to Python Brain
[2026-05-11T15:08:09.337Z] c3CeuMUNvmv2YGh_AAAL REPLY: Dhanyavad aapke samvaad ke liye. Kaise main apko sahi tarah se madad kar sakti hoon?
[2026-05-11T15:08:24.961Z] c3CeuMUNvmv2YGh_AAAL RECEIVED: what is your name
[2026-05-11T15:08:24.962Z] c3CeuMUNvmv2YGh_AAAL FORWARDING to Python Brain
[2026-05-11T15:08:29.875Z] c3CeuMUNvmv2YGh_AAAL REPLY: 3. What is your name?
[2026-05-11T15:08:40.139Z] c3CeuMUNvmv2YGh_AAAL RECEIVED: what is your name
[2026-05-11T15:08:40.146Z] c3CeuMUNvmv2YGh_AAAL FORWARDING to Python Brain
[2026-05-11T15:08:42.105Z] c3CeuMUNvmv2YGh_AAAL REPLY: 3. What is Your Name.
[2026-05-11T15:10:07.236Z] disconnect c3CeuMUNvmv2YGh_AAAL
[2026-05-11T15:10:07.511Z] connect t-QsE_c7pxGXeHBuAAAN
[2026-05-11T15:10:12.072Z] t-QsE_c7pxGXeHBuAAAN RECEIVED: hello
[2026-05-11T15:10:12.073Z] t-QsE_c7pxGXeHBuAAAN FORWARDING to Python Brain
[2026-05-11T15:10:12.080Z] t-QsE_c7pxGXeHBuAAAN REPLY: Kaise ho aap? Aur kya main aapki madad kar sakta hoon?
[2026-05-11T15:10:29.710Z] t-QsE_c7pxGXeHBuAAAN RECEIVED: hello Maya
[2026-05-11T15:10:29.712Z] t-QsE_c7pxGXeHBuAAAN FORWARDING to Python Brain
[2026-05-11T15:10:37.147Z] t-QsE_c7pxGXeHBuAAAN REPLY: Mere paas sab kuchh jaankari aur samadhan hai. Aapko kya pasand karta ho?
[2026-05-11T15:10:43.000Z] disconnect t-QsE_c7pxGXeHBuAAAN
[2026-05-11T15:10:43.310Z] connect f9rOJFNiAlfUB_ZuAAAP
[2026-05-11T15:11:45.507Z] disconnect f9rOJFNiAlfUB_ZuAAAP
[2026-05-11T15:11:45.823Z] connect ht1xyKrRWqMICSBKAAAR
[2026-05-11T15:42:59.753Z] connect -J6DKcsqvjtcWWVpAAAB
[2026-05-11T15:44:20.048Z] -J6DKcsqvjtcWWVpAAAB RECEIVED: hello
[2026-05-11T15:44:20.049Z] -J6DKcsqvjtcWWVpAAAB FORWARDING to Python Brain
[2026-05-11T15:44:20.071Z] -J6DKcsqvjtcWWVpAAAB REPLY: Kaise ho aap? Aur kya main aapki madad kar sakta hoon?
[2026-05-11T15:44:28.963Z] connect lUrpO4P1BR4Kt6kiAAAD
[2026-05-11T15:44:33.967Z] -J6DKcsqvjtcWWVpAAAB RECEIVED: good night
[2026-05-11T15:44:33.969Z] -J6DKcsqvjtcWWVpAAAB FORWARDING to Python Brain
[2026-05-11T15:44:45.767Z] -J6DKcsqvjtcWWVpAAAB REPLY: Raat bhar aapki sehat ki kshamata mein main aavshyak hoon. Shant raat hogi!
[2026-05-11T15:45:17.222Z] disconnect -J6DKcsqvjtcWWVpAAAB
[2026-05-11T15:45:17.495Z] connect sCwVh5BHepQs9phNAAAF
[2026-05-11T15:45:22.025Z] sCwVh5BHepQs9phNAAAF RECEIVED: Cristiano Ronaldo
[2026-05-11T15:45:22.027Z] sCwVh5BHepQs9phNAAAF FORWARDING to Python Brain
[2026-05-11T15:45:28.459Z] sCwVh5BHepQs9phNAAAF REPLY: Kahan se aap hain aur kis cheez ki pasand hai? Aapke match ya cricket khelne ki bati kya hai?
[2026-05-11T15:45:42.791Z] sCwVh5BHepQs9phNAAAF RECEIVED: MS Dhoni
[2026-05-11T15:45:42.792Z] sCwVh5BHepQs9phNAAAF FORWARDING to Python Brain
[2026-05-11T15:45:47.242Z] sCwVh5BHepQs9phNAAAF REPLY: Aapka career sachmuch prerna ke karan hai. Aapke dainik jeevan mein kuch sujhav dena chahti hoon?
[2026-05-11T16:02:52.416Z] sCwVh5BHepQs9phNAAAF RECEIVED: root 16
[2026-05-11T16:02:52.420Z] sCwVh5BHepQs9phNAAAF FORWARDING to Python Brain
[2026-05-11T16:03:10.757Z] sCwVh5BHepQs9phNAAAF REPLY: Mere pas aapki madad karna hai, to mujhe bataiye kya aap kee jarurat hai? (Namaste!).
[2026-05-11T16:03:19.317Z] disconnect sCwVh5BHepQs9phNAAAF
[2026-05-11T16:03:20.247Z] connect lPV9CjVCqJHnWi5ZAAAH
[2026-05-11T16:05:45.008Z] lPV9CjVCqJHnWi5ZAAAH RECEIVED: hello
[2026-05-11T16:05:45.010Z] lPV9CjVCqJHnWi5ZAAAH FORWARDING to Python Brain
[2026-05-11T16:05:45.029Z] lPV9CjVCqJHnWi5ZAAAH REPLY: Kaise ho aap? Aur kya main aapki madad kar sakta hoon?
[2026-05-11T16:07:46.601Z] disconnect lUrpO4P1BR4Kt6kiAAAD
[2026-05-11T16:07:47.215Z] connect Qo43nLuSf4CHWkT8AAAJ
[2026-05-11T16:16:40.347Z] disconnect Qo43nLuSf4CHWkT8AAAJ
[2026-05-23T04:33:49.628Z] connect Xxs9TB0zxmscwwvvAAAB
[2026-05-23T04:34:14.250Z] connect MGj74TO6gCjPTxr1AAAD
[2026-05-23T04:34:44.227Z] disconnect MGj74TO6gCjPTxr1AAAD
[2026-05-23T04:34:44.620Z] connect Ymz9RGY1Ue5B-nSPAAAF
[2026-05-23T04:34:48.190Z] Ymz9RGY1Ue5B-nSPAAAF RECEIVED: hello Maya
[2026-05-23T04:34:48.190Z] Ymz9RGY1Ue5B-nSPAAAF FORWARDING to Python Brain
[2026-05-23T04:34:48.213Z] Ymz9RGY1Ue5B-nSPAAAF BRAIN_ERROR: connect ECONNREFUSED 127.0.0.1:5001
[2026-05-23T04:37:59.537Z] disconnect Ymz9RGY1Ue5B-nSPAAAF
[2026-05-23T04:38:00.280Z] connect GK6afUNEycXmq702AAAH
[2026-05-23T04:38:04.021Z] GK6afUNEycXmq702AAAH RECEIVED: good morning Maya
[2026-05-23T04:38:04.023Z] GK6afUNEycXmq702AAAH FORWARDING to Python Brain
[2026-05-23T04:38:04.041Z] GK6afUNEycXmq702AAAH REPLY: Abhi limited mode mein hoon, par aapne kaha: good morning Maya.
[2026-05-23T04:38:14.034Z] GK6afUNEycXmq702AAAH RECEIVED: how are you
[2026-05-23T04:38:14.036Z] GK6afUNEycXmq702AAAH FORWARDING to Python Brain
[2026-05-23T04:38:14.055Z] GK6afUNEycXmq702AAAH REPLY: Abhi limited mode mein hoon, par aapne kaha: how are you.
[2026-05-23T04:40:58.249Z] disconnect GK6afUNEycXmq702AAAH
[2026-05-23T04:40:59.006Z] connect EsgUAmt1n4GIMt34AAAJ
[2026-05-23T04:41:02.391Z] EsgUAmt1n4GIMt34AAAJ RECEIVED: good morning
[2026-05-23T04:41:02.392Z] EsgUAmt1n4GIMt34AAAJ FORWARDING to Python Brain
[2026-05-23T04:42:06.780Z] disconnect EsgUAmt1n4GIMt34AAAJ
[2026-05-23T04:42:07.703Z] connect uj8XQt-QDlOWtTwdAAAL
[2026-05-23T04:42:19.070Z] uj8XQt-QDlOWtTwdAAAL RECEIVED: what is time now
[2026-05-23T04:42:19.075Z] uj8XQt-QDlOWtTwdAAAL FORWARDING to Python Brain
[2026-05-23T04:43:02.410Z] EsgUAmt1n4GIMt34AAAJ BRAIN_ERROR: timeout of 120000ms exceeded
[2026-05-23T04:43:52.689Z] uj8XQt-QDlOWtTwdAAAL REPLY: ❌ Kuch galat huva: 'tuple' object has no attribute 'get'.
[2026-05-23T04:47:58.170Z] disconnect Xxs9TB0zxmscwwvvAAAB
[2026-05-23T04:47:58.232Z] connect KhWxiYdJeyAahCXSAAAN
[2026-05-23T04:51:53.376Z] disconnect uj8XQt-QDlOWtTwdAAAL
[2026-05-23T04:51:54.272Z] connect PT2CPWP74-AWccuVAAAP
[2026-05-23T04:51:57.849Z] PT2CPWP74-AWccuVAAAP RECEIVED: hello bhai kaise ho
[2026-05-23T04:51:57.851Z] PT2CPWP74-AWccuVAAAP FORWARDING to Python Brain
[2026-05-23T04:52:29.762Z] PT2CPWP74-AWccuVAAAP BRAIN_ERROR: read ECONNRESET
[2026-05-23T04:56:19.025Z] disconnect PT2CPWP74-AWccuVAAAP
[2026-05-23T04:56:19.602Z] connect d6XCCDCJ_rROYYmqAAAR
[2026-05-23T04:56:41.232Z] d6XCCDCJ_rROYYmqAAAR RECEIVED: good morning Maya
[2026-05-23T04:56:41.233Z] d6XCCDCJ_rROYYmqAAAR FORWARDING to Python Brain
[2026-05-23T04:56:53.723Z] disconnect d6XCCDCJ_rROYYmqAAAR
[2026-05-23T04:58:40.553Z] d6XCCDCJ_rROYYmqAAAR REPLY: Good morning! I'm ready to assist you.
